Jenkins Master orchestrator listening on port 4000
[2026-03-28T10:11:42.994Z] [Client] [Connected] [SocketID: 35ptxj0xW08mTqI8AAAB]
[2026-03-28T10:13:25.126Z] [c26262b1-99ef-426e-8fbc-38e55e816046] [job_queued]
[Scheduler] Job c26262b1-99ef-426e-8fbc-38e55e816046 assigned to worker-1
[Worker] worker-1 started job c26262b1-99ef-426e-8fbc-38e55e816046
[2026-03-28T10:13:25.197Z] [c26262b1-99ef-426e-8fbc-38e55e816046] [job_started]
[2026-03-28T10:13:25.199Z] [c26262b1-99ef-426e-8fbc-38e55e816046] [stage_started] [Stage: Checkout]
[2026-03-28T10:13:25.468Z] [8df1f2f9-c145-4f39-a3dd-3a9aeac33507] [job_queued]
[Scheduler] Job 8df1f2f9-c145-4f39-a3dd-3a9aeac33507 assigned to worker-3
[Worker] worker-3 started job 8df1f2f9-c145-4f39-a3dd-3a9aeac33507
[2026-03-28T10:13:25.554Z] [8df1f2f9-c145-4f39-a3dd-3a9aeac33507] [job_started]
[2026-03-28T10:13:25.555Z] [8df1f2f9-c145-4f39-a3dd-3a9aeac33507] [stage_started] [Stage: Checkout]
[2026-03-28T10:13:25.574Z] [1b601795-c363-4403-bf73-4c2ef56ed9b4] [job_queued]
[Scheduler] Job 1b601795-c363-4403-bf73-4c2ef56ed9b4 assigned to worker-4
[2026-03-28T10:13:25.576Z] [1ec6f53c-50b8-43f9-931c-7efda5c29c6c] [job_queued]
[2026-03-28T10:13:25.767Z] [502ecbb5-41ab-4781-9602-b13f8878e456] [job_queued]
[Worker] worker-4 started job 1b601795-c363-4403-bf73-4c2ef56ed9b4
[2026-03-28T10:13:26.000Z] [1b601795-c363-4403-bf73-4c2ef56ed9b4] [job_started]
[2026-03-28T10:13:26.000Z] [1b601795-c363-4403-bf73-4c2ef56ed9b4] [stage_started] [Stage: Checkout]
[2026-03-28T10:13:26.837Z] [3bf7ffbe-39fc-4e2d-9227-21b361ec2272] [job_queued]
[Scheduler] Job 3bf7ffbe-39fc-4e2d-9227-21b361ec2272 assigned to worker-2
[2026-03-28T10:13:28.204Z] [c26262b1-99ef-426e-8fbc-38e55e816046] [stage_completed] [Stage: Checkout]
[2026-03-28T10:13:28.205Z] [c26262b1-99ef-426e-8fbc-38e55e816046] [stage_started] [Stage: Build]
[2026-03-28T10:13:28.560Z] [8df1f2f9-c145-4f39-a3dd-3a9aeac33507] [stage_failed] [Stage: Checkout]
[2026-03-28T10:13:28.561Z] [8df1f2f9-c145-4f39-a3dd-3a9aeac33507] [job_failed]
[Worker] worker-3 completed job 8df1f2f9-c145-4f39-a3dd-3a9aeac33507
[Scheduler] Job 1ec6f53c-50b8-43f9-931c-7efda5c29c6c assigned to worker-3
[Worker] worker-2 started job 3bf7ffbe-39fc-4e2d-9227-21b361ec2272
[2026-03-28T10:13:28.755Z] [3bf7ffbe-39fc-4e2d-9227-21b361ec2272] [job_started]
[2026-03-28T10:13:28.756Z] [3bf7ffbe-39fc-4e2d-9227-21b361ec2272] [stage_started] [Stage: Checkout]
[2026-03-28T10:13:29.006Z] [1b601795-c363-4403-bf73-4c2ef56ed9b4] [stage_completed] [Stage: Checkout]
[2026-03-28T10:13:29.007Z] [1b601795-c363-4403-bf73-4c2ef56ed9b4] [stage_started] [Stage: Build]
[Worker] worker-3 started job 1ec6f53c-50b8-43f9-931c-7efda5c29c6c
[2026-03-28T10:13:29.273Z] [1ec6f53c-50b8-43f9-931c-7efda5c29c6c] [job_started]
[2026-03-28T10:13:29.273Z] [1ec6f53c-50b8-43f9-931c-7efda5c29c6c] [stage_started] [Stage: Checkout]
[2026-03-28T10:13:31.207Z] [c26262b1-99ef-426e-8fbc-38e55e816046] [stage_completed] [Stage: Build]
[2026-03-28T10:13:31.207Z] [c26262b1-99ef-426e-8fbc-38e55e816046] [stage_started] [Stage: Test]
[2026-03-28T10:13:31.764Z] [3bf7ffbe-39fc-4e2d-9227-21b361ec2272] [stage_completed] [Stage: Checkout]
[2026-03-28T10:13:31.764Z] [3bf7ffbe-39fc-4e2d-9227-21b361ec2272] [stage_started] [Stage: Build]
[2026-03-28T10:13:32.008Z] [1b601795-c363-4403-bf73-4c2ef56ed9b4] [stage_completed] [Stage: Build]
[2026-03-28T10:13:32.008Z] [1b601795-c363-4403-bf73-4c2ef56ed9b4] [stage_started] [Stage: Test]
[2026-03-28T10:13:32.279Z] [1ec6f53c-50b8-43f9-931c-7efda5c29c6c] [stage_completed] [Stage: Checkout]
[2026-03-28T10:13:32.280Z] [1ec6f53c-50b8-43f9-931c-7efda5c29c6c] [stage_started] [Stage: Build]
[2026-03-28T10:13:34.215Z] [c26262b1-99ef-426e-8fbc-38e55e816046] [stage_completed] [Stage: Test]
[2026-03-28T10:13:34.216Z] [c26262b1-99ef-426e-8fbc-38e55e816046] [job_completed]
[Worker] worker-1 completed job c26262b1-99ef-426e-8fbc-38e55e816046
[2026-03-28T10:13:34.778Z] [3bf7ffbe-39fc-4e2d-9227-21b361ec2272] [stage_completed] [Stage: Build]
[2026-03-28T10:13:34.778Z] [3bf7ffbe-39fc-4e2d-9227-21b361ec2272] [stage_started] [Stage: Test]
[2026-03-28T10:13:35.023Z] [1b601795-c363-4403-bf73-4c2ef56ed9b4] [stage_completed] [Stage: Test]
[2026-03-28T10:13:35.024Z] [1b601795-c363-4403-bf73-4c2ef56ed9b4] [job_completed]
[Worker] worker-4 completed job 1b601795-c363-4403-bf73-4c2ef56ed9b4
[Scheduler] Job 502ecbb5-41ab-4781-9602-b13f8878e456 assigned to worker-4
[2026-03-28T10:13:35.288Z] [1ec6f53c-50b8-43f9-931c-7efda5c29c6c] [stage_completed] [Stage: Build]
[2026-03-28T10:13:35.289Z] [1ec6f53c-50b8-43f9-931c-7efda5c29c6c] [stage_started] [Stage: Test]
[Worker] worker-4 started job 502ecbb5-41ab-4781-9602-b13f8878e456
[2026-03-28T10:13:35.311Z] [502ecbb5-41ab-4781-9602-b13f8878e456] [job_started]
[2026-03-28T10:13:35.312Z] [502ecbb5-41ab-4781-9602-b13f8878e456] [stage_started] [Stage: Checkout]
[2026-03-28T10:13:37.790Z] [3bf7ffbe-39fc-4e2d-9227-21b361ec2272] [stage_completed] [Stage: Test]
[2026-03-28T10:13:37.791Z] [3bf7ffbe-39fc-4e2d-9227-21b361ec2272] [job_completed]
[Worker] worker-2 completed job 3bf7ffbe-39fc-4e2d-9227-21b361ec2272
[2026-03-28T10:13:38.296Z] [1ec6f53c-50b8-43f9-931c-7efda5c29c6c] [stage_completed] [Stage: Test]
[2026-03-28T10:13:38.297Z] [1ec6f53c-50b8-43f9-931c-7efda5c29c6c] [job_completed]
[Worker] worker-3 completed job 1ec6f53c-50b8-43f9-931c-7efda5c29c6c
[2026-03-28T10:13:38.318Z] [502ecbb5-41ab-4781-9602-b13f8878e456] [stage_completed] [Stage: Checkout]
[2026-03-28T10:13:38.319Z] [502ecbb5-41ab-4781-9602-b13f8878e456] [stage_started] [Stage: Build]
[2026-03-28T10:13:41.323Z] [502ecbb5-41ab-4781-9602-b13f8878e456] [stage_completed] [Stage: Build]
[2026-03-28T10:13:41.324Z] [502ecbb5-41ab-4781-9602-b13f8878e456] [stage_started] [Stage: Test]
[2026-03-28T10:13:44.327Z] [502ecbb5-41ab-4781-9602-b13f8878e456] [stage_completed] [Stage: Test]
[2026-03-28T10:13:44.327Z] [502ecbb5-41ab-4781-9602-b13f8878e456] [job_completed]
[Worker] worker-4 completed job 502ecbb5-41ab-4781-9602-b13f8878e456
